============================= test session starts =============================
platform win32 -- Python 3.11.9, pytest-8.4.1, pluggy-1.6.0 -- C:\Users\adith\AppData\Local\Programs\Python\Python311\python.exe
cachedir: .pytest_cache
rootdir: D:\Jira-Cortex\backend
plugins: anyio-4.12.1, langsmith-0.6.7
collecting ... collected 4 items / 4 errors

=================================== ERRORS ====================================
________________ ERROR collecting tests/test_acl_filtering.py _________________
ImportError while importing test module 'D:\Jira-Cortex\backend\tests\test_acl_filtering.py'.
Hint: make sure your test modules/packages have valid Python names.
Traceback:
C:\Users\adith\AppData\Local\Programs\Python\Python311\Lib\importlib\__init__.py:126: in import_module
    return _bootstrap._gcd_import(name[level:], package, level)
           ^^^^^^^^^^^^^^^^^^^^^^^^^^^^^^^^^^^^^^^^^^^^^^^^^^^^
tests\test_acl_filtering.py:9: in <module>
    from app.services.vector_store import VectorStore, SearchResult
app\services\vector_store.py:10: in <module>
    import structlog
E   ModuleNotFoundError: No module named 'structlog'
_______________ ERROR collecting tests/test_async_ingestion.py ________________
ImportError while importing test module 'D:\Jira-Cortex\backend\tests\test_async_ingestion.py'.
Hint: make sure your test modules/packages have valid Python names.
Traceback:
C:\Users\adith\AppData\Local\Programs\Python\Python311\Lib\importlib\__init__.py:126: in import_module
    return _bootstrap._gcd_import(name[level:], package, level)
           ^^^^^^^^^^^^^^^^^^^^^^^^^^^^^^^^^^^^^^^^^^^^^^^^^^^^
tests\test_async_ingestion.py:12: in <module>
    from app.services.background_processor import (
app\services\background_processor.py:14: in <module>
    import structlog
E   ModuleNotFoundError: No module named 'structlog'
________________ ERROR collecting tests/test_jwt_validation.py ________________
ImportError while importing test module 'D:\Jira-Cortex\backend\tests\test_jwt_validation.py'.
Hint: make sure your test modules/packages have valid Python names.
Traceback:
C:\Users\adith\AppData\Local\Programs\Python\Python311\Lib\importlib\__init__.py:126: in import_module
    return _bootstrap._gcd_import(name[level:], package, level)
           ^^^^^^^^^^^^^^^^^^^^^^^^^^^^^^^^^^^^^^^^^^^^^^^^^^^^
tests\test_jwt_validation.py:11: in <module>
    from app.auth.jwt_validator import (
app\auth\jwt_validator.py:11: in <module>
    import structlog
E   ModuleNotFoundError: No module named 'structlog'
_______________ ERROR collecting tests/test_text_processing.py ________________
ImportError while importing test module 'D:\Jira-Cortex\backend\tests\test_text_processing.py'.
Hint: make sure your test modules/packages have valid Python names.
Traceback:
C:\Users\adith\AppData\Local\Programs\Python\Python311\Lib\importlib\__init__.py:126: in import_module
    return _bootstrap._gcd_import(name[level:], package, level)
           ^^^^^^^^^^^^^^^^^^^^^^^^^^^^^^^^^^^^^^^^^^^^^^^^^^^^
tests\test_text_processing.py:8: in <module>
    from app.utils.text_processing import (
app\utils\text_processing.py:12: in <module>
    import structlog
E   ModuleNotFoundError: No module named 'structlog'
============================== warnings summary ===============================
tests\test_tenant_gating.py:44
  D:\Jira-Cortex\backend\tests\test_tenant_gating.py:44: PytestUnknownMarkWarning: Unknown pytest.mark.asyncio - is this a typo?  You can register custom marks to avoid this warning - for details, see https://docs.pytest.org/en/stable/how-to/mark.html
    @pytest.mark.asyncio

tests\test_tenant_gating.py:58
  D:\Jira-Cortex\backend\tests\test_tenant_gating.py:58: PytestUnknownMarkWarning: Unknown pytest.mark.asyncio - is this a typo?  You can register custom marks to avoid this warning - for details, see https://docs.pytest.org/en/stable/how-to/mark.html
    @pytest.mark.asyncio

tests\test_tenant_gating.py:75
  D:\Jira-Cortex\backend\tests\test_tenant_gating.py:75: PytestUnknownMarkWarning: Unknown pytest.mark.asyncio - is this a typo?  You can register custom marks to avoid this warning - for details, see https://docs.pytest.org/en/stable/how-to/mark.html
    @pytest.mark.asyncio

tests\test_tenant_gating.py:88
  D:\Jira-Cortex\backend\tests\test_tenant_gating.py:88: PytestUnknownMarkWarning: Unknown pytest.mark.asyncio - is this a typo?  You can register custom marks to avoid this warning - for details, see https://docs.pytest.org/en/stable/how-to/mark.html
    @pytest.mark.asyncio

-- Docs: https://docs.pytest.org/en/stable/how-to/capture-warnings.html
=========================== short test summary info ===========================
ERROR tests/test_acl_filtering.py
ERROR tests/test_async_ingestion.py
ERROR tests/test_jwt_validation.py
ERROR tests/test_text_processing.py
!!!!!!!!!!!!!!!!!!! Interrupted: 4 errors during collection !!!!!!!!!!!!!!!!!!!
======================== 4 warnings, 4 errors in 0.36s ========================
